[2026-07-17 07:26:37] [PID:61973] [INFO] Triggered 3 parallel worker spawning attempts.
[2026-07-17 07:26:37] [PID:61973] [INFO] Worker slot 1 acquired.
[2026-07-17 07:26:37] [PID:61973] [INFO] Slot 1 started downloading: https://httpbin.org/bytes/25000
[2026-07-17 07:27:07] [PID:61973] [INFO] Triggered another background worker spawning check.
[2026-07-17 07:27:07] [PID:61973] [INFO] Slot 1 started downloading: https://httpbin.org/status/200
[2026-07-17 07:27:11] [PID:61973] [INFO] Triggered another background worker spawning check.
[2026-07-17 07:27:11] [PID:61973] [INFO] Worker slot 1 released.
[2026-07-17 07:27:11] [PID:61973] [INFO] Worker slot 1 acquired.
[2026-07-17 07:27:11] [PID:61973] [INFO] Worker slot 1 released.
[2026-07-17 07:27:11] [PID:61973] [INFO] Worker slot 1 acquired.
[2026-07-17 07:27:11] [PID:61973] [INFO] Worker slot 1 released.
[2026-07-17 07:27:11] [PID:61973] [INFO] Worker slot 1 acquired.
[2026-07-17 07:27:11] [PID:61973] [INFO] Worker slot 1 released.
[2026-07-17 07:27:11] [PID:61973] [INFO] Worker slot 1 acquired.
[2026-07-17 07:27:11] [PID:61973] [INFO] Worker slot 1 released.
[2026-07-17 07:27:24] [PID:61973] [INFO] Triggered 3 parallel worker spawning attempts.
[2026-07-17 07:27:24] [PID:61973] [INFO] Worker slot 1 acquired.
[2026-07-17 07:27:24] [PID:61973] [INFO] Worker slot 1 released.
[2026-07-17 07:27:24] [PID:61973] [INFO] Worker slot 1 acquired.
[2026-07-17 07:27:24] [PID:61973] [INFO] Worker slot 1 released.
[2026-07-17 07:27:24] [PID:61973] [INFO] Worker slot 1 acquired.
[2026-07-17 07:27:24] [PID:61973] [INFO] Worker slot 1 released.
